'ctx_f1_int->unit'(A_F1_V) :- A_F1_V=_.
X2>0 :- X2>1, 'ctx_f1_int->unit'(X2).
'f1_int->unit'(X2, RET_F1) :- X2>0, X2>1, 'ctx_f1_int->unit'(X2).
